// Jest Snapshot v1, https://goo.gl/fbAQLP

exports[`<Home /> spec renders the component 1`] = `undefined`;
