// Jest Snapshot v1, https://goo.gl/fbAQLP

exports[`<CartItem /> spec renders the empty component 1`] = `undefined`;
