// Jest Snapshot v1, https://goo.gl/fbAQLP

exports[`<AttributeButton /> spec renders the component 1`] = `undefined`;

exports[`<MainButton /> spec renders the component 1`] = `undefined`;
