// Jest Snapshot v1, https://goo.gl/fbAQLP

exports[`<CountButton /> spec renders the component 1`] = `undefined`;
