// Jest Snapshot v1, https://goo.gl/fbAQLP

exports[`<MainButton /> spec renders the component 1`] = `undefined`;

exports[`<MainButton /> spec renders the empty component 1`] = `undefined`;
