// Jest Snapshot v1, https://goo.gl/fbAQLP

exports[`<Pages /> spec renders the component 1`] = `undefined`;
