// Jest Snapshot v1, https://goo.gl/fbAQLP

exports[`<CartOverlayItem /> spec renders the empty component 1`] = `undefined`;
